// Jest Snapshot v1, https://goo.gl/fbAQLP

exports[`+++ LOGINFORM renders correctly 1`] = `
<div
  className="ui centered card"
  href={undefined}
  onClick={[Function]}
  style={
    Object {
      "marginTop": 20,
    }
  }
>
  <div
    className="content"
  >
    <h2
      className="ui green header"
    >
      Kirjaudu sovellukseen
    </h2>
  </div>
  <div
    className="content"
  >
    <form
      action={undefined}
      className="ui form"
      onSubmit={[Function]}
    >
      <div
        className="field"
      >
        <label>
          käyttäjätunnus
        </label>
        <input
          name="username"
          type="text"
        />
      </div>
      <div
        className="field"
      >
        <label>
          salasana
        </label>
        <input
          name="password"
          type="password"
        />
      </div>
      <button
        className="ui green basic button"
        disabled={undefined}
        onClick={[Function]}
        role="button"
        tabIndex={undefined}
      >
        kirjaudu
      </button>
    </form>
  </div>
</div>
`;
